PS D:\Programing\Praktikum\week2> echo "# Praktikum-week2" >> README.md   
>> git init
>> git add README.md
>> git commit -m "first commit"
>> git branch -M main
>> git remote add origin https://github.com/slendermagican/Praktikum-week2>> git push -u origin main
Initialized empty Git repository in D:/Programing/Praktikum/week2/.git/
[master (root-commit) b4159f8] first commit
 1 file changed, 0 insertions(+), 0 deletions(-)
 create mode 100644 README.md
Counting objects: 100% (3/3), done.
Writing objects: 100% (3/3), 265 bytes | 265.00 KiB/s, done.
Total 3 (delta 0), reused 0 (delta 0), pack-reused 0
To https://github.com/slendermagican/Praktikum-week2.git
 * [new branch]      main -> main
branch 'main' set up to track 'origin/main'.
PS D:\Programing\Praktikum\week2> git add .
PS D:\Programing\Praktikum\week2> git commit -m"Main body ready and a little style"
[main 25895d4] Main body ready and a little style
 3 files changed, 94 insertions(+)
 create mode 100644 commands.txt
 create mode 100644 index.html
 create mode 100644 styles.css
PS D:\Programing\Praktikum\week2> git push
Enumerating objects: 6, done.
Counting objects: 100% (6/6), done.
Delta compression using up to 12 threads
Compressing objects: 100% (5/5), done.
Writing objects: 100% (5/5), 2.84 KiB | 2.84 MiB/s, done.
Total 5 (delta 0), reused 0 (delta 0), pack-reused 0
To https://github.com/slendermagican/Praktikum-week2.git
   b4159f8..25895d4  main -> main
PS D:\Programing\Praktikum\week2>